C51 COMPILER V9.60.0.0   MAIN                                                              04/20/2022 18:29:29 PAGE 1   


C51 COMPILER V9.60.0.0, COMPILATION OF MODULE MAIN
OBJECT MODULE PLACED IN .\Objects\main.obj
COMPILER INVOKED BY: C:\Keil_v5\C51\BIN\C51.EXE main.c OPTIMIZE(8,SPEED) BROWSE DEBUG OBJECTEXTEND PRINT(.\Listings\main
                    -.lst) TABS(2) OBJECT(.\Objects\main.obj)

line level    source

   1          #include <reg51.h>  /* register address included with header file */
   2          #include "header.h" /* user defined header file added */
   3          #include <string.h> /* from this liabrary used string compare function "strcmp" */
   4          
   5          sbit buzzer  = P3^7; /* declare buzzer for alarming purpose when user enter wrong password */
   6          sbit trigger = P2^7; 
   7          /* delcaring trigger pin to trigger the external interrrupt 0 when pin goes high it will trigger to pin 3.
             -2 */
   8          
   9          sbit in1=P3^5;   /* declaring pin for motor driver input IN1 */
  10          sbit in2=P3^6;   /* declaring pin for motor driver input IN1 */
  11          
  12          
  13          /* ---------------------- Main Starts from Here -------------------- */
  14          
  15          void main()
  16          {
  17   1        
  18   1        unsigned char master_key[5] = "000"; /* initialise variable to store the master password which can use to
             - change the password of user */
  19   1        unsigned char temp = 0;           /* initialise variable to store the key_value of '=' key when its pressed */
  20   1        signed int count = 0;             /* storing value to check wrong password is equal to three or not */
  21   1        unsigned char compare_value = 0;  /* storing result of string compare function */     
  22   1        char x[5]={0};
  23   1        char d[5]={0};
  24   1        char b[5]= {0};
  25   1      
  26   1        
  27   1        const unsigned char * a;
  28   1        signed char user_id;
  29   1        const unsigned char * read_pass;
  30   1        
  31   1        buzzer = 0;
  32   1        
  33   1        init_pass_write_user_one(); /* writing password to the eeprom */
  34   1        init_pass_write_user_two(); /* writing password to the eeprom */
  35   1        init_pass_write_user_three(); /* writing password to the eeprom */
  36   1        
  37   1        
  38   1        welcome_screen();                /* Calling welcome Screen function */
  39   1      
  40   1        initialize_interrupt();          /* initialize the interupts */
  41   1        
  42   1        while(1)
  43   1        { 
  44   2          
  45   2          
  46   2          user_id = taking_id();          /* selection id from user */
  47   2          
  48   2          read_pass = select_id(user_id); /* select one from three id */
  49   2          
  50   2          strcpy(x , read_pass);
  51   2          
  52   2          a = enter_password();
C51 COMPILER V9.60.0.0   MAIN                                                              04/20/2022 18:29:29 PAGE 2   

  53   2          
  54   2          compare_value = strcmp(a , x); //COMPARE PASS
  55   2              
  56   2         if( compare_value == 0 )
  57   2        {
  58   3               
  59   3              lcd_cmd(0x01);
  60   3             string_data("PASS MATCH");
  61   3              
  62   3             lcd_cmd(0xC0);
  63   3             string_data("OPEN DOOR");
  64   3              
  65   3             door_open();
  66   3          
  67   3             delay_ms(2000);
  68   3               
  69   3      
  70   3        }
  71   2             else if(( compare_value = strcmp( a, master_key)) ==0 )
  72   2             {
  73   3              lcd_cmd(0x01);
  74   3              lcd_cmd(0x80);
  75   3             string_data("SET YOUR PASSWORD"); 
  76   3              //delay_ms(4000);
  77   3              lcd_cmd(0xC0);
  78   3              string_data("PRESS = KEY");
  79   3              delay_ms(400);
  80   3               while(Is_Keypressed());//waiting for sw press
  81   3               temp=key_Val();
  82   3               
  83   3               trigger = 0;
  84   3               trigger = 1;
  85   3            
  86   3               
  87   3               }
  88   2           
  89   2          else
  90   2          {
  91   3            lcd_cmd(0x01);
  92   3            lcd_cmd(0x80);
  93   3            
  94   3          string_data("WRONG PASS");  
  95   3          lcd_cmd(0xC0);
  96   3          string_data("TRY AGAIN ");
  97   3          count++;
  98   3          lcd_data(count+48);
  99   3          buzzer = 1;
 100   3            
 101   3          door_close();
 102   3          
 103   3          buzzer = 0;
 104   3            
 105   3          password_count(count);
 106   3            
 107   3          }
 108   2                
 109   2            
 110   2             
 111   2        }
 112   1      }
 113          /* ---------------------- Main Ends Here ------------------------------ */

C51 COMPILER V9.60.0.0   MAIN                                                              04/20/2022 18:29:29 PAGE 3   


MODULE INFORMATION:   STATIC OVERLAYABLE
   CODE SIZE        =    325    ----
   CONSTANT SIZE    =     93    ----
   XDATA SIZE       =   ----    ----
   PDATA SIZE       =   ----    ----
   DATA SIZE        =   ----      27
   IDATA SIZE       =   ----    ----
   BIT SIZE         =   ----    ----
END OF MODULE INFORMATION.


C51 COMPILATION COMPLETE.  0 WARNING(S),  0 ERROR(S)
